Archive member included to satisfy reference by file (symbol)

c:/program files (x86)/atmel/studio/7.0/toolchain/avr8/avr8-gnu-toolchain/bin/../lib/gcc/avr/5.4.0/avr5\libgcc.a(_exit.o)
                              C:/Program Files (x86)/Atmel/Studio/7.0/Packs/atmel/ATmega_DFP/1.2.150/gcc/dev/atmega32/avr5/crtatmega32.o (exit)
c:/program files (x86)/atmel/studio/7.0/toolchain/avr8/avr8-gnu-toolchain/bin/../lib/gcc/avr/5.4.0/avr5\libgcc.a(_copy_data.o)
                              comm_stack/comm_RX/commRX.o (__do_copy_data)
c:/program files (x86)/atmel/studio/7.0/toolchain/avr8/avr8-gnu-toolchain/bin/../lib/gcc/avr/5.4.0/avr5\libgcc.a(_clear_bss.o)
                              comm_stack/channels/i2c/I2C.o (__do_clear_bss)

Allocating common symbols
Common symbol       size              file

Static_CallBackRX   0x2               comm_stack/channels/i2c/I2C.o
i2c_status          0x1               comm_stack/channels/i2c/I2C.o
buffer              0x14              i2c_slave.o
Static_callBackTx   0x2               comm_stack/channels/i2c/I2C.o
s_channel           0x1               comm_stack/comm_TX/commTx.o

Discarded input sections

 .data          0x00000000        0x0 C:/Program Files (x86)/Atmel/Studio/7.0/Packs/atmel/ATmega_DFP/1.2.150/gcc/dev/atmega32/avr5/crtatmega32.o
 .bss           0x00000000        0x0 C:/Program Files (x86)/Atmel/Studio/7.0/Packs/atmel/ATmega_DFP/1.2.150/gcc/dev/atmega32/avr5/crtatmega32.o
 .text          0x00000000        0x0 comm_stack/channels/i2c/I2C.o
 .data          0x00000000        0x0 comm_stack/channels/i2c/I2C.o
 .bss           0x00000000        0x0 comm_stack/channels/i2c/I2C.o
 .text.I2C_Start
                0x00000000        0xc comm_stack/channels/i2c/I2C.o
 .text.I2C_Stop
                0x00000000        0x6 comm_stack/channels/i2c/I2C.o
 .text.I2C_Write
                0x00000000        0xe comm_stack/channels/i2c/I2C.o
 .text.I2C_TxWithInterrupt
                0x00000000        0x8 comm_stack/channels/i2c/I2C.o
 .text.I2C_ReadWithACK
                0x00000000        0xe comm_stack/channels/i2c/I2C.o
 .text.I2C_ReadWithACKAndInterrupt
                0x00000000        0x8 comm_stack/channels/i2c/I2C.o
 .text.I2C_ReadWithNACK
                0x00000000        0xe comm_stack/channels/i2c/I2C.o
 .text.I2C_GetStatus
                0x00000000        0x6 comm_stack/channels/i2c/I2C.o
 .text.I2C_AssignCallBackTx
                0x00000000        0xa comm_stack/channels/i2c/I2C.o
 .text          0x00000000        0x0 comm_stack/channels/spi/SPI.o
 .data          0x00000000        0x0 comm_stack/channels/spi/SPI.o
 .bss           0x00000000        0x0 comm_stack/channels/spi/SPI.o
 .text.spi_ExchangeData
                0x00000000        0xa comm_stack/channels/spi/SPI.o
 .text.spi_MasterInterruptEnable_TX
                0x00000000        0xa comm_stack/channels/spi/SPI.o
 .text.spi_Tx   0x00000000       0x16 comm_stack/channels/spi/SPI.o
 .text          0x00000000        0x0 comm_stack/channels/uart/USART.o
 .data          0x00000000        0x0 comm_stack/channels/uart/USART.o
 .bss           0x00000000        0x0 comm_stack/channels/uart/USART.o
 .text.Uart_SendByte
                0x00000000        0x8 comm_stack/channels/uart/USART.o
 .text.Uart_ReadByte
                0x00000000        0x8 comm_stack/channels/uart/USART.o
 .text.Uart_TxInterruptEnable
                0x00000000        0xc comm_stack/channels/uart/USART.o
 .text          0x00000000        0x0 comm_stack/comm_RX/commRX.o
 .data          0x00000000        0x0 comm_stack/comm_RX/commRX.o
 .bss           0x00000000        0x0 comm_stack/comm_RX/commRX.o
 .text          0x00000000        0x0 comm_stack/comm_TX/commTx.o
 .data          0x00000000        0x0 comm_stack/comm_TX/commTx.o
 .bss           0x00000000        0x0 comm_stack/comm_TX/commTx.o
 .text.HardWare_CallBack
                0x00000000       0x7a comm_stack/comm_TX/commTx.o
 .text.comm_TxRest
                0x00000000        0xe comm_stack/comm_TX/commTx.o
 .rodata        0x00000000        0x6 comm_stack/comm_TX/commTx.o
 .text.comm_TxInit
                0x00000000       0xd8 comm_stack/comm_TX/commTx.o
 .text.comm_TxDisspatcher
                0x00000000       0x2e comm_stack/comm_TX/commTx.o
 .bss.flage_Tx_Sending
                0x00000000        0x1 comm_stack/comm_TX/commTx.o
 .bss.Scounter  0x00000000        0x2 comm_stack/comm_TX/commTx.o
 .bss.SN_Byte2Sent
                0x00000000        0x2 comm_stack/comm_TX/commTx.o
 .bss.Sptr_Data2Sent
                0x00000000        0x2 comm_stack/comm_TX/commTx.o
 .bss.SCall_back_commtx_compelete
                0x00000000        0x2 comm_stack/comm_TX/commTx.o
 .debug_info    0x00000000      0x4e6 comm_stack/comm_TX/commTx.o
 .debug_abbrev  0x00000000      0x177 comm_stack/comm_TX/commTx.o
 .debug_loc     0x00000000       0x9a comm_stack/comm_TX/commTx.o
 .debug_aranges
                0x00000000       0x38 comm_stack/comm_TX/commTx.o
 .debug_ranges  0x00000000       0x28 comm_stack/comm_TX/commTx.o
 .debug_line    0x00000000      0x253 comm_stack/comm_TX/commTx.o
 .debug_str     0x00000000      0x50f comm_stack/comm_TX/commTx.o
 .comment       0x00000000       0x31 comm_stack/comm_TX/commTx.o
 .debug_frame   0x00000000       0x70 comm_stack/comm_TX/commTx.o
 COMMON         0x00000000        0x1 comm_stack/comm_TX/commTx.o
 .text          0x00000000        0x0 i2c_slave.o
 .data          0x00000000        0x0 i2c_slave.o
 .bss           0x00000000        0x0 i2c_slave.o
 .text          0x00000000        0x0 c:/program files (x86)/atmel/studio/7.0/toolchain/avr8/avr8-gnu-toolchain/bin/../lib/gcc/avr/5.4.0/avr5\libgcc.a(_exit.o)
 .data          0x00000000        0x0 c:/program files (x86)/atmel/studio/7.0/toolchain/avr8/avr8-gnu-toolchain/bin/../lib/gcc/avr/5.4.0/avr5\libgcc.a(_exit.o)
 .bss           0x00000000        0x0 c:/program files (x86)/atmel/studio/7.0/toolchain/avr8/avr8-gnu-toolchain/bin/../lib/gcc/avr/5.4.0/avr5\libgcc.a(_exit.o)
 .text.libgcc.mul
                0x00000000        0x0 c:/program files (x86)/atmel/studio/7.0/toolchain/avr8/avr8-gnu-toolchain/bin/../lib/gcc/avr/5.4.0/avr5\libgcc.a(_exit.o)
 .text.libgcc.div
                0x00000000        0x0 c:/program files (x86)/atmel/studio/7.0/toolchain/avr8/avr8-gnu-toolchain/bin/../lib/gcc/avr/5.4.0/avr5\libgcc.a(_exit.o)
 .text.libgcc   0x00000000        0x0 c:/program files (x86)/atmel/studio/7.0/toolchain/avr8/avr8-gnu-toolchain/bin/../lib/gcc/avr/5.4.0/avr5\libgcc.a(_exit.o)
 .text.libgcc.prologue
                0x00000000        0x0 c:/program files (x86)/atmel/studio/7.0/toolchain/avr8/avr8-gnu-toolchain/bin/../lib/gcc/avr/5.4.0/avr5\libgcc.a(_exit.o)
 .text.libgcc.builtins
                0x00000000        0x0 c:/program files (x86)/atmel/studio/7.0/toolchain/avr8/avr8-gnu-toolchain/bin/../lib/gcc/avr/5.4.0/avr5\libgcc.a(_exit.o)
 .text.libgcc.fmul
                0x00000000        0x0 c:/program files (x86)/atmel/studio/7.0/toolchain/avr8/avr8-gnu-toolchain/bin/../lib/gcc/avr/5.4.0/avr5\libgcc.a(_exit.o)
 .text.libgcc.fixed
                0x00000000        0x0 c:/program files (x86)/atmel/studio/7.0/toolchain/avr8/avr8-gnu-toolchain/bin/../lib/gcc/avr/5.4.0/avr5\libgcc.a(_exit.o)
 .text          0x00000000        0x0 c:/program files (x86)/atmel/studio/7.0/toolchain/avr8/avr8-gnu-toolchain/bin/../lib/gcc/avr/5.4.0/avr5\libgcc.a(_copy_data.o)
 .data          0x00000000        0x0 c:/program files (x86)/atmel/studio/7.0/toolchain/avr8/avr8-gnu-toolchain/bin/../lib/gcc/avr/5.4.0/avr5\libgcc.a(_copy_data.o)
 .bss           0x00000000        0x0 c:/program files (x86)/atmel/studio/7.0/toolchain/avr8/avr8-gnu-toolchain/bin/../lib/gcc/avr/5.4.0/avr5\libgcc.a(_copy_data.o)
 .text.libgcc.mul
                0x00000000        0x0 c:/program files (x86)/atmel/studio/7.0/toolchain/avr8/avr8-gnu-toolchain/bin/../lib/gcc/avr/5.4.0/avr5\libgcc.a(_copy_data.o)
 .text.libgcc.div
                0x00000000        0x0 c:/program files (x86)/atmel/studio/7.0/toolchain/avr8/avr8-gnu-toolchain/bin/../lib/gcc/avr/5.4.0/avr5\libgcc.a(_copy_data.o)
 .text.libgcc   0x00000000        0x0 c:/program files (x86)/atmel/studio/7.0/toolchain/avr8/avr8-gnu-toolchain/bin/../lib/gcc/avr/5.4.0/avr5\libgcc.a(_copy_data.o)
 .text.libgcc.prologue
                0x00000000        0x0 c:/program files (x86)/atmel/studio/7.0/toolchain/avr8/avr8-gnu-toolchain/bin/../lib/gcc/avr/5.4.0/avr5\libgcc.a(_copy_data.o)
 .text.libgcc.builtins
                0x00000000        0x0 c:/program files (x86)/atmel/studio/7.0/toolchain/avr8/avr8-gnu-toolchain/bin/../lib/gcc/avr/5.4.0/avr5\libgcc.a(_copy_data.o)
 .text.libgcc.fmul
                0x00000000        0x0 c:/program files (x86)/atmel/studio/7.0/toolchain/avr8/avr8-gnu-toolchain/bin/../lib/gcc/avr/5.4.0/avr5\libgcc.a(_copy_data.o)
 .text.libgcc.fixed
                0x00000000        0x0 c:/program files (x86)/atmel/studio/7.0/toolchain/avr8/avr8-gnu-toolchain/bin/../lib/gcc/avr/5.4.0/avr5\libgcc.a(_copy_data.o)
 .text          0x00000000        0x0 c:/program files (x86)/atmel/studio/7.0/toolchain/avr8/avr8-gnu-toolchain/bin/../lib/gcc/avr/5.4.0/avr5\libgcc.a(_clear_bss.o)
 .data          0x00000000        0x0 c:/program files (x86)/atmel/studio/7.0/toolchain/avr8/avr8-gnu-toolchain/bin/../lib/gcc/avr/5.4.0/avr5\libgcc.a(_clear_bss.o)
 .bss           0x00000000        0x0 c:/program files (x86)/atmel/studio/7.0/toolchain/avr8/avr8-gnu-toolchain/bin/../lib/gcc/avr/5.4.0/avr5\libgcc.a(_clear_bss.o)
 .text.libgcc.mul
                0x00000000        0x0 c:/program files (x86)/atmel/studio/7.0/toolchain/avr8/avr8-gnu-toolchain/bin/../lib/gcc/avr/5.4.0/avr5\libgcc.a(_clear_bss.o)
 .text.libgcc.div
                0x00000000        0x0 c:/program files (x86)/atmel/studio/7.0/toolchain/avr8/avr8-gnu-toolchain/bin/../lib/gcc/avr/5.4.0/avr5\libgcc.a(_clear_bss.o)
 .text.libgcc   0x00000000        0x0 c:/program files (x86)/atmel/studio/7.0/toolchain/avr8/avr8-gnu-toolchain/bin/../lib/gcc/avr/5.4.0/avr5\libgcc.a(_clear_bss.o)
 .text.libgcc.prologue
                0x00000000        0x0 c:/program files (x86)/atmel/studio/7.0/toolchain/avr8/avr8-gnu-toolchain/bin/../lib/gcc/avr/5.4.0/avr5\libgcc.a(_clear_bss.o)
 .text.libgcc.builtins
                0x00000000        0x0 c:/program files (x86)/atmel/studio/7.0/toolchain/avr8/avr8-gnu-toolchain/bin/../lib/gcc/avr/5.4.0/avr5\libgcc.a(_clear_bss.o)
 .text.libgcc.fmul
                0x00000000        0x0 c:/program files (x86)/atmel/studio/7.0/toolchain/avr8/avr8-gnu-toolchain/bin/../lib/gcc/avr/5.4.0/avr5\libgcc.a(_clear_bss.o)
 .text.libgcc.fixed
                0x00000000        0x0 c:/program files (x86)/atmel/studio/7.0/toolchain/avr8/avr8-gnu-toolchain/bin/../lib/gcc/avr/5.4.0/avr5\libgcc.a(_clear_bss.o)

Memory Configuration

Name             Origin             Length             Attributes
text             0x00000000         0x00020000         xr
data             0x00800060         0x0000ffa0         rw !x
eeprom           0x00810000         0x00010000         rw !x
fuse             0x00820000         0x00000002         rw !x
lock             0x00830000         0x00000400         rw !x
signature        0x00840000         0x00000400         rw !x
user_signatures  0x00850000         0x00000400         rw !x
*default*        0x00000000         0xffffffff

Linker script and memory map

LOAD C:/Program Files (x86)/Atmel/Studio/7.0/Packs/atmel/ATmega_DFP/1.2.150/gcc/dev/atmega32/avr5/crtatmega32.o
LOAD comm_stack/channels/i2c/I2C.o
LOAD comm_stack/channels/spi/SPI.o
LOAD comm_stack/channels/uart/USART.o
LOAD comm_stack/comm_RX/commRX.o
LOAD comm_stack/comm_TX/commTx.o
LOAD i2c_slave.o
START GROUP
LOAD c:/program files (x86)/atmel/studio/7.0/toolchain/avr8/avr8-gnu-toolchain/bin/../lib/gcc/avr/5.4.0/../../../../avr/lib/avr5\libm.a
END GROUP
START GROUP
LOAD c:/program files (x86)/atmel/studio/7.0/toolchain/avr8/avr8-gnu-toolchain/bin/../lib/gcc/avr/5.4.0/avr5\libgcc.a
LOAD c:/program files (x86)/atmel/studio/7.0/toolchain/avr8/avr8-gnu-toolchain/bin/../lib/gcc/avr/5.4.0/../../../../avr/lib/avr5\libm.a
LOAD c:/program files (x86)/atmel/studio/7.0/toolchain/avr8/avr8-gnu-toolchain/bin/../lib/gcc/avr/5.4.0/../../../../avr/lib/avr5\libc.a
LOAD C:/Program Files (x86)/Atmel/Studio/7.0/Packs/atmel/ATmega_DFP/1.2.150/gcc/dev/atmega32/avr5\libatmega32.a
END GROUP
                0x00020000                __TEXT_REGION_LENGTH__ = DEFINED (__TEXT_REGION_LENGTH__)?__TEXT_REGION_LENGTH__:0x20000
                0x0000ffa0                __DATA_REGION_LENGTH__ = DEFINED (__DATA_REGION_LENGTH__)?__DATA_REGION_LENGTH__:0xffa0
                0x00010000                __EEPROM_REGION_LENGTH__ = DEFINED (__EEPROM_REGION_LENGTH__)?__EEPROM_REGION_LENGTH__:0x10000
                [0x00000002]                __FUSE_REGION_LENGTH__ = DEFINED (__FUSE_REGION_LENGTH__)?__FUSE_REGION_LENGTH__:0x400
                0x00000400                __LOCK_REGION_LENGTH__ = DEFINED (__LOCK_REGION_LENGTH__)?__LOCK_REGION_LENGTH__:0x400
                0x00000400                __SIGNATURE_REGION_LENGTH__ = DEFINED (__SIGNATURE_REGION_LENGTH__)?__SIGNATURE_REGION_LENGTH__:0x400
                0x00000400                __USER_SIGNATURE_REGION_LENGTH__ = DEFINED (__USER_SIGNATURE_REGION_LENGTH__)?__USER_SIGNATURE_REGION_LENGTH__:0x400

.hash
 *(.hash)

.dynsym
 *(.dynsym)

.dynstr
 *(.dynstr)

.gnu.version
 *(.gnu.version)

.gnu.version_d
 *(.gnu.version_d)

.gnu.version_r
 *(.gnu.version_r)

.rel.init
 *(.rel.init)

.rela.init
 *(.rela.init)

.rel.text
 *(.rel.text)
 *(.rel.text.*)
 *(.rel.gnu.linkonce.t*)

.rela.text
 *(.rela.text)
 *(.rela.text.*)
 *(.rela.gnu.linkonce.t*)

.rel.fini
 *(.rel.fini)

.rela.fini
 *(.rela.fini)

.rel.rodata
 *(.rel.rodata)
 *(.rel.rodata.*)
 *(.rel.gnu.linkonce.r*)

.rela.rodata
 *(.rela.rodata)
 *(.rela.rodata.*)
 *(.rela.gnu.linkonce.r*)

.rel.data
 *(.rel.data)
 *(.rel.data.*)
 *(.rel.gnu.linkonce.d*)

.rela.data
 *(.rela.data)
 *(.rela.data.*)
 *(.rela.gnu.linkonce.d*)

.rel.ctors
 *(.rel.ctors)

.rela.ctors
 *(.rela.ctors)

.rel.dtors
 *(.rel.dtors)

.rela.dtors
 *(.rela.dtors)

.rel.got
 *(.rel.got)

.rela.got
 *(.rela.got)

.rel.bss
 *(.rel.bss)

.rela.bss
 *(.rela.bss)

.rel.plt
 *(.rel.plt)

.rela.plt
 *(.rela.plt)

.text           0x00000000      0x420
 *(.vectors)
 .vectors       0x00000000       0x54 C:/Program Files (x86)/Atmel/Studio/7.0/Packs/atmel/ATmega_DFP/1.2.150/gcc/dev/atmega32/avr5/crtatmega32.o
                0x00000000                __vector_default
                0x00000000                __vectors
 *(.vectors)
 *(.progmem.gcc*)
                0x00000054                . = ALIGN (0x2)
                0x00000054                __trampolines_start = .
 *(.trampolines)
 .trampolines   0x00000054        0x0 linker stubs
 *(.trampolines*)
                0x00000054                __trampolines_end = .
 *libprintf_flt.a:*(.progmem.data)
 *libc.a:*(.progmem.data)
 *(.progmem*)
                0x00000054                . = ALIGN (0x2)
 *(.jumptables)
 *(.jumptables*)
 *(.lowtext)
 *(.lowtext*)
                0x00000054                __ctors_start = .
 *(.ctors)
                0x00000054                __ctors_end = .
                0x00000054                __dtors_start = .
 *(.dtors)
                0x00000054                __dtors_end = .
 SORT(*)(.ctors)
 SORT(*)(.dtors)
 *(.init0)
 .init0         0x00000054        0x0 C:/Program Files (x86)/Atmel/Studio/7.0/Packs/atmel/ATmega_DFP/1.2.150/gcc/dev/atmega32/avr5/crtatmega32.o
                0x00000054                __init
 *(.init0)
 *(.init1)
 *(.init1)
 *(.init2)
 .init2         0x00000054        0xc C:/Program Files (x86)/Atmel/Studio/7.0/Packs/atmel/ATmega_DFP/1.2.150/gcc/dev/atmega32/avr5/crtatmega32.o
 *(.init2)
 *(.init3)
 *(.init3)
 *(.init4)
 .init4         0x00000060       0x16 c:/program files (x86)/atmel/studio/7.0/toolchain/avr8/avr8-gnu-toolchain/bin/../lib/gcc/avr/5.4.0/avr5\libgcc.a(_copy_data.o)
                0x00000060                __do_copy_data
 .init4         0x00000076       0x10 c:/program files (x86)/atmel/studio/7.0/toolchain/avr8/avr8-gnu-toolchain/bin/../lib/gcc/avr/5.4.0/avr5\libgcc.a(_clear_bss.o)
                0x00000076                __do_clear_bss
 *(.init4)
 *(.init5)
 *(.init5)
 *(.init6)
 *(.init6)
 *(.init7)
 *(.init7)
 *(.init8)
 *(.init8)
 *(.init9)
 .init9         0x00000086        0x8 C:/Program Files (x86)/Atmel/Studio/7.0/Packs/atmel/ATmega_DFP/1.2.150/gcc/dev/atmega32/avr5/crtatmega32.o
 *(.init9)
 *(.text)
 .text          0x0000008e        0x4 C:/Program Files (x86)/Atmel/Studio/7.0/Packs/atmel/ATmega_DFP/1.2.150/gcc/dev/atmega32/avr5/crtatmega32.o
                0x0000008e                __vector_1
                0x0000008e                __bad_interrupt
                0x0000008e                __vector_6
                0x0000008e                __vector_3
                0x0000008e                __vector_11
                0x0000008e                __vector_17
                0x0000008e                __vector_7
                0x0000008e                __vector_5
                0x0000008e                __vector_4
                0x0000008e                __vector_9
                0x0000008e                __vector_2
                0x0000008e                __vector_15
                0x0000008e                __vector_8
                0x0000008e                __vector_10
                0x0000008e                __vector_16
                0x0000008e                __vector_18
                0x0000008e                __vector_20
                0x00000092                . = ALIGN (0x2)
 *(.text.*)
 .text.__vector_19
                0x00000092       0x68 comm_stack/channels/i2c/I2C.o
                0x00000092                __vector_19
 .text.I2C_Init
                0x000000fa       0x14 comm_stack/channels/i2c/I2C.o
                0x000000fa                I2C_Init
 .text.I2C_AssignCallBackRX
                0x0000010e       0x10 comm_stack/channels/i2c/I2C.o
                0x0000010e                I2C_AssignCallBackRX
 .text.spi_init
                0x0000011e       0x50 comm_stack/channels/spi/SPI.o
                0x0000011e                spi_init
 .text.spi_MasterInterruptEnable_RX
                0x0000016e        0xa comm_stack/channels/spi/SPI.o
                0x0000016e                spi_MasterInterruptEnable_RX
 .text.spi_Rx   0x00000178       0x16 comm_stack/channels/spi/SPI.o
                0x00000178                spi_Rx
 .text.__vector_12
                0x0000018e       0x7a comm_stack/channels/spi/SPI.o
                0x0000018e                __vector_12
 .text.__vector_14
                0x00000208       0x4e comm_stack/channels/uart/USART.o
                0x00000208                __vector_14
 .text.__vector_13
                0x00000256       0x50 comm_stack/channels/uart/USART.o
                0x00000256                __vector_13
 .text.Uart_init
                0x000002a6       0x12 comm_stack/channels/uart/USART.o
                0x000002a6                Uart_init
 .text.Uart_RxInterruptEnable
                0x000002b8        0xc comm_stack/channels/uart/USART.o
                0x000002b8                Uart_RxInterruptEnable
 .text.HardWare_CallBack
                0x000002c4       0x26 comm_stack/comm_RX/commRX.o
 .text.RX_CommFree
                0x000002ea        0xe comm_stack/comm_RX/commRX.o
                0x000002ea                RX_CommFree
 .text.Comm_RxInit
                0x000002f8       0x96 comm_stack/comm_RX/commRX.o
                0x000002f8                Comm_RxInit
 .text.RX_com_dispatch
                0x0000038e       0x4a comm_stack/comm_RX/commRX.o
                0x0000038e                RX_com_dispatch
 .text.RX_compelet
                0x000003d8       0x34 i2c_slave.o
                0x000003d8                RX_compelet
 .text.main     0x0000040c       0x10 i2c_slave.o
                0x0000040c                main
                0x0000041c                . = ALIGN (0x2)
 *(.fini9)
 .fini9         0x0000041c        0x0 c:/program files (x86)/atmel/studio/7.0/toolchain/avr8/avr8-gnu-toolchain/bin/../lib/gcc/avr/5.4.0/avr5\libgcc.a(_exit.o)
                0x0000041c                _exit
                0x0000041c                exit
 *(.fini9)
 *(.fini8)
 *(.fini8)
 *(.fini7)
 *(.fini7)
 *(.fini6)
 *(.fini6)
 *(.fini5)
 *(.fini5)
 *(.fini4)
 *(.fini4)
 *(.fini3)
 *(.fini3)
 *(.fini2)
 *(.fini2)
 *(.fini1)
 *(.fini1)
 *(.fini0)
 .fini0         0x0000041c        0x4 c:/program files (x86)/atmel/studio/7.0/toolchain/avr8/avr8-gnu-toolchain/bin/../lib/gcc/avr/5.4.0/avr5\libgcc.a(_exit.o)
 *(.fini0)
                0x00000420                _etext = .

.data           0x00800060        0xa load address 0x00000420
                0x00800060                PROVIDE (__data_start, .)
 *(.data)
 *(.data*)
 .data.message1
                0x00800060        0x4 i2c_slave.o
                0x00800060                message1
 *(.gnu.linkonce.d*)
 *(.rodata)
 .rodata        0x00800064        0x6 comm_stack/comm_RX/commRX.o
 *(.rodata*)
 *(.gnu.linkonce.r*)
                0x0080006a                . = ALIGN (0x2)
                0x0080006a                _edata = .
                0x0080006a                PROVIDE (__data_end, .)

.bss            0x0080006a      0x413
                0x0080006a                PROVIDE (__bss_start, .)
 *(.bss)
 *(.bss*)
 .bss.static_ptr
                0x0080006a        0x2 comm_stack/channels/spi/SPI.o
 .bss.static_PtrCallBackFun_RX
                0x0080006c        0x2 comm_stack/channels/spi/SPI.o
 .bss.static_PtrCallBackFun_TX
                0x0080006e        0x2 comm_stack/channels/spi/SPI.o
 .bss.ptr_CallBackfnUartRx
                0x00800070        0x2 comm_stack/channels/uart/USART.o
 .bss.ptr_CallBackfnUartTx
                0x00800072        0x2 comm_stack/channels/uart/USART.o
 .bss.static_RX_cnfg
                0x00800074        0x4 comm_stack/comm_RX/commRX.o
 .bss.RX_FlageDataReciving
                0x00800078        0x1 comm_stack/comm_RX/commRX.o
 .bss.RX_Buffer_Index
                0x00800079        0x2 comm_stack/comm_RX/commRX.o
 .bss.Rx_Buffer
                0x0080007b      0x3e8 comm_stack/comm_RX/commRX.o
 .bss.i         0x00800463        0x1 i2c_slave.o
                0x00800463                i
 *(COMMON)
 COMMON         0x00800464        0x5 comm_stack/channels/i2c/I2C.o
                0x00800464                Static_CallBackRX
                0x00800466                i2c_status
                0x00800467                Static_callBackTx
 COMMON         0x00800469       0x14 i2c_slave.o
                0x00800469                buffer
                0x0080047d                PROVIDE (__bss_end, .)
                0x00000420                __data_load_start = LOADADDR (.data)
                0x0000042a                __data_load_end = (__data_load_start + SIZEOF (.data))

.noinit         0x0080047d        0x0
                [!provide]                PROVIDE (__noinit_start, .)
 *(.noinit*)
                [!provide]                PROVIDE (__noinit_end, .)
                0x0080047d                _end = .
                [!provide]                PROVIDE (__heap_start, .)

.eeprom         0x00810000        0x0
 *(.eeprom*)
                0x00810000                __eeprom_end = .

.fuse
 *(.fuse)
 *(.lfuse)
 *(.hfuse)
 *(.efuse)

.lock
 *(.lock*)

.signature
 *(.signature*)

.user_signatures
 *(.user_signatures*)

.stab
 *(.stab)

.stabstr
 *(.stabstr)

.stab.excl
 *(.stab.excl)

.stab.exclstr
 *(.stab.exclstr)

.stab.index
 *(.stab.index)

.stab.indexstr
 *(.stab.indexstr)

.comment        0x00000000       0x30
 *(.comment)
 .comment       0x00000000       0x30 comm_stack/channels/i2c/I2C.o
                                 0x31 (size before relaxing)
 .comment       0x00000030       0x31 comm_stack/channels/spi/SPI.o
 .comment       0x00000030       0x31 comm_stack/channels/uart/USART.o
 .comment       0x00000030       0x31 comm_stack/comm_RX/commRX.o
 .comment       0x00000030       0x31 i2c_slave.o

.note.gnu.avr.deviceinfo
                0x00000000       0x3c
 .note.gnu.avr.deviceinfo
                0x00000000       0x3c C:/Program Files (x86)/Atmel/Studio/7.0/Packs/atmel/ATmega_DFP/1.2.150/gcc/dev/atmega32/avr5/crtatmega32.o

.note.gnu.build-id
 *(.note.gnu.build-id)

.debug
 *(.debug)

.line
 *(.line)

.debug_srcinfo
 *(.debug_srcinfo)

.debug_sfnames
 *(.debug_sfnames)

.debug_aranges  0x00000000      0x178
 *(.debug_aranges)
 .debug_aranges
                0x00000000       0x78 comm_stack/channels/i2c/I2C.o
 .debug_aranges
                0x00000078       0x50 comm_stack/channels/spi/SPI.o
 .debug_aranges
                0x000000c8       0x50 comm_stack/channels/uart/USART.o
 .debug_aranges
                0x00000118       0x38 comm_stack/comm_RX/commRX.o
 .debug_aranges
                0x00000150       0x28 i2c_slave.o

.debug_pubnames
 *(.debug_pubnames)

.debug_info     0x00000000     0x12d7
 *(.debug_info .gnu.linkonce.wi.*)
 .debug_info    0x00000000      0x4e6 C:/Program Files (x86)/Atmel/Studio/7.0/Packs/atmel/ATmega_DFP/1.2.150/gcc/dev/atmega32/avr5/crtatmega32.o
 .debug_info    0x000004e6      0x2ab comm_stack/channels/i2c/I2C.o
 .debug_info    0x00000791      0x339 comm_stack/channels/spi/SPI.o
 .debug_info    0x00000aca      0x19c comm_stack/channels/uart/USART.o
 .debug_info    0x00000c66      0x488 comm_stack/comm_RX/commRX.o
 .debug_info    0x000010ee      0x1e9 i2c_slave.o

.debug_abbrev   0x00000000      0xafb
 *(.debug_abbrev)
 .debug_abbrev  0x00000000      0x4a3 C:/Program Files (x86)/Atmel/Studio/7.0/Packs/atmel/ATmega_DFP/1.2.150/gcc/dev/atmega32/avr5/crtatmega32.o
 .debug_abbrev  0x000004a3      0x163 comm_stack/channels/i2c/I2C.o
 .debug_abbrev  0x00000606      0x14d comm_stack/channels/spi/SPI.o
 .debug_abbrev  0x00000753       0xdc comm_stack/channels/uart/USART.o
 .debug_abbrev  0x0000082f      0x194 comm_stack/comm_RX/commRX.o
 .debug_abbrev  0x000009c3      0x138 i2c_slave.o

.debug_line     0x00000000      0xa47
 *(.debug_line .debug_line.* .debug_line_end)
 .debug_line    0x00000000      0x115 C:/Program Files (x86)/Atmel/Studio/7.0/Packs/atmel/ATmega_DFP/1.2.150/gcc/dev/atmega32/avr5/crtatmega32.o
 .debug_line    0x00000115      0x267 comm_stack/channels/i2c/I2C.o
 .debug_line    0x0000037c      0x1bd comm_stack/channels/spi/SPI.o
 .debug_line    0x00000539      0x1e9 comm_stack/channels/uart/USART.o
 .debug_line    0x00000722      0x211 comm_stack/comm_RX/commRX.o
 .debug_line    0x00000933      0x114 i2c_slave.o

.debug_frame    0x00000000      0x3a8
 *(.debug_frame)
 .debug_frame   0x00000000      0x11c comm_stack/channels/i2c/I2C.o
 .debug_frame   0x0000011c       0xd4 comm_stack/channels/spi/SPI.o
 .debug_frame   0x000001f0      0x114 comm_stack/channels/uart/USART.o
 .debug_frame   0x00000304       0x70 comm_stack/comm_RX/commRX.o
 .debug_frame   0x00000374       0x34 i2c_slave.o

.debug_str      0x00000000      0x8b6
 *(.debug_str)
 .debug_str     0x00000000      0x196 C:/Program Files (x86)/Atmel/Studio/7.0/Packs/atmel/ATmega_DFP/1.2.150/gcc/dev/atmega32/avr5/crtatmega32.o
 .debug_str     0x00000196      0x298 comm_stack/channels/i2c/I2C.o
                                0x2d8 (size before relaxing)
 .debug_str     0x0000042e      0x274 comm_stack/channels/spi/SPI.o
                                0x3cd (size before relaxing)
 .debug_str     0x000006a2       0xba comm_stack/channels/uart/USART.o
                                0x212 (size before relaxing)
 .debug_str     0x0000075c      0x128 comm_stack/comm_RX/commRX.o
                                0x48c (size before relaxing)
 .debug_str     0x00000884       0x32 i2c_slave.o
                                0x211 (size before relaxing)

.debug_loc      0x00000000      0x55c
 *(.debug_loc)
 .debug_loc     0x00000000      0x1ad comm_stack/channels/i2c/I2C.o
 .debug_loc     0x000001ad      0x14b comm_stack/channels/spi/SPI.o
 .debug_loc     0x000002f8      0x196 comm_stack/channels/uart/USART.o
 .debug_loc     0x0000048e       0x98 comm_stack/comm_RX/commRX.o
 .debug_loc     0x00000526       0x36 i2c_slave.o

.debug_macinfo
 *(.debug_macinfo)

.debug_weaknames
 *(.debug_weaknames)

.debug_funcnames
 *(.debug_funcnames)

.debug_typenames
 *(.debug_typenames)

.debug_varnames
 *(.debug_varnames)

.debug_pubtypes
 *(.debug_pubtypes)

.debug_ranges   0x00000000      0x128
 *(.debug_ranges)
 .debug_ranges  0x00000000       0x68 comm_stack/channels/i2c/I2C.o
 .debug_ranges  0x00000068       0x40 comm_stack/channels/spi/SPI.o
 .debug_ranges  0x000000a8       0x40 comm_stack/channels/uart/USART.o
 .debug_ranges  0x000000e8       0x28 comm_stack/comm_RX/commRX.o
 .debug_ranges  0x00000110       0x18 i2c_slave.o

.debug_macro
 *(.debug_macro)
OUTPUT(Slave.elf elf32-avr)
LOAD linker stubs
