Archive member included to satisfy reference by file (symbol)

c:/program files (x86)/atmel/studio/7.0/toolchain/avr8/avr8-gnu-toolchain/bin/../lib/gcc/avr/5.4.0/avr5\libgcc.a(_exit.o)
                              C:/Program Files (x86)/Atmel/Studio/7.0/Packs/atmel/ATmega_DFP/1.2.150/gcc/dev/atmega32/avr5/crtatmega32.o (exit)
c:/program files (x86)/atmel/studio/7.0/toolchain/avr8/avr8-gnu-toolchain/bin/../lib/gcc/avr/5.4.0/avr5\libgcc.a(_copy_data.o)
                              commRX.o (__do_copy_data)
c:/program files (x86)/atmel/studio/7.0/toolchain/avr8/avr8-gnu-toolchain/bin/../lib/gcc/avr/5.4.0/avr5\libgcc.a(_clear_bss.o)
                              I2C.o (__do_clear_bss)

Allocating common symbols
Common symbol       size              file

Static_CallBackRX   0x2               I2C.o
i2c_status          0x1               I2C.o
Static_callBackTx   0x2               I2C.o

Discarded input sections

 .data          0x00000000        0x0 C:/Program Files (x86)/Atmel/Studio/7.0/Packs/atmel/ATmega_DFP/1.2.150/gcc/dev/atmega32/avr5/crtatmega32.o
 .bss           0x00000000        0x0 C:/Program Files (x86)/Atmel/Studio/7.0/Packs/atmel/ATmega_DFP/1.2.150/gcc/dev/atmega32/avr5/crtatmega32.o
 .text          0x00000000        0x0 I2C.o
 .data          0x00000000        0x0 I2C.o
 .bss           0x00000000        0x0 I2C.o
 .text.I2C_Stop
                0x00000000        0x6 I2C.o
 .text.I2C_Write
                0x00000000        0xe I2C.o
 .text.I2C_ReadWithACK
                0x00000000        0xe I2C.o
 .text.I2C_ReadWithACKAndInterrupt
                0x00000000        0x8 I2C.o
 .text.I2C_ReadWithNACK
                0x00000000        0xe I2C.o
 .text.I2C_GetStatus
                0x00000000        0x6 I2C.o
 .text          0x00000000        0x0 SPI.o
 .data          0x00000000        0x0 SPI.o
 .bss           0x00000000        0x0 SPI.o
 .text.spi_ExchangeData
                0x00000000        0x8 SPI.o
 .text.spi_Rx   0x00000000        0x4 SPI.o
 .text          0x00000000        0x0 USART.o
 .data          0x00000000        0x0 USART.o
 .bss           0x00000000        0x0 USART.o
 .text.Uart_ReadByte
                0x00000000        0x8 USART.o
 .text          0x00000000        0x0 commRX.o
 .data          0x00000000        0x0 commRX.o
 .bss           0x00000000        0x0 commRX.o
 .text          0x00000000        0x0 commTx.o
 .data          0x00000000        0x0 commTx.o
 .bss           0x00000000        0x0 commTx.o
 .text          0x00000000        0x0 GPIO.o
 .data          0x00000000        0x0 GPIO.o
 .bss           0x00000000        0x0 GPIO.o
 .text.SetPortDirection
                0x00000000        0x8 GPIO.o
 .text.digitalRead
                0x00000000       0x6e GPIO.o
 .text.Port_Write
                0x00000000        0x8 GPIO.o
 .text.Port_Read
                0x00000000        0x8 GPIO.o
 .text.gpio_spi_cng_master
                0x00000000       0x22 GPIO.o
 .text          0x00000000        0x0 Node2.o
 .data          0x00000000        0x0 Node2.o
 .bss           0x00000000        0x0 Node2.o
 .text          0x00000000        0x0 c:/program files (x86)/atmel/studio/7.0/toolchain/avr8/avr8-gnu-toolchain/bin/../lib/gcc/avr/5.4.0/avr5\libgcc.a(_exit.o)
 .data          0x00000000        0x0 c:/program files (x86)/atmel/studio/7.0/toolchain/avr8/avr8-gnu-toolchain/bin/../lib/gcc/avr/5.4.0/avr5\libgcc.a(_exit.o)
 .bss           0x00000000        0x0 c:/program files (x86)/atmel/studio/7.0/toolchain/avr8/avr8-gnu-toolchain/bin/../lib/gcc/avr/5.4.0/avr5\libgcc.a(_exit.o)
 .text.libgcc.mul
                0x00000000        0x0 c:/program files (x86)/atmel/studio/7.0/toolchain/avr8/avr8-gnu-toolchain/bin/../lib/gcc/avr/5.4.0/avr5\libgcc.a(_exit.o)
 .text.libgcc.div
                0x00000000        0x0 c:/program files (x86)/atmel/studio/7.0/toolchain/avr8/avr8-gnu-toolchain/bin/../lib/gcc/avr/5.4.0/avr5\libgcc.a(_exit.o)
 .text.libgcc   0x00000000        0x0 c:/program files (x86)/atmel/studio/7.0/toolchain/avr8/avr8-gnu-toolchain/bin/../lib/gcc/avr/5.4.0/avr5\libgcc.a(_exit.o)
 .text.libgcc.prologue
                0x00000000        0x0 c:/program files (x86)/atmel/studio/7.0/toolchain/avr8/avr8-gnu-toolchain/bin/../lib/gcc/avr/5.4.0/avr5\libgcc.a(_exit.o)
 .text.libgcc.builtins
                0x00000000        0x0 c:/program files (x86)/atmel/studio/7.0/toolchain/avr8/avr8-gnu-toolchain/bin/../lib/gcc/avr/5.4.0/avr5\libgcc.a(_exit.o)
 .text.libgcc.fmul
                0x00000000        0x0 c:/program files (x86)/atmel/studio/7.0/toolchain/avr8/avr8-gnu-toolchain/bin/../lib/gcc/avr/5.4.0/avr5\libgcc.a(_exit.o)
 .text.libgcc.fixed
                0x00000000        0x0 c:/program files (x86)/atmel/studio/7.0/toolchain/avr8/avr8-gnu-toolchain/bin/../lib/gcc/avr/5.4.0/avr5\libgcc.a(_exit.o)
 .text          0x00000000        0x0 c:/program files (x86)/atmel/studio/7.0/toolchain/avr8/avr8-gnu-toolchain/bin/../lib/gcc/avr/5.4.0/avr5\libgcc.a(_copy_data.o)
 .data          0x00000000        0x0 c:/program files (x86)/atmel/studio/7.0/toolchain/avr8/avr8-gnu-toolchain/bin/../lib/gcc/avr/5.4.0/avr5\libgcc.a(_copy_data.o)
 .bss           0x00000000        0x0 c:/program files (x86)/atmel/studio/7.0/toolchain/avr8/avr8-gnu-toolchain/bin/../lib/gcc/avr/5.4.0/avr5\libgcc.a(_copy_data.o)
 .text.libgcc.mul
                0x00000000        0x0 c:/program files (x86)/atmel/studio/7.0/toolchain/avr8/avr8-gnu-toolchain/bin/../lib/gcc/avr/5.4.0/avr5\libgcc.a(_copy_data.o)
 .text.libgcc.div
                0x00000000        0x0 c:/program files (x86)/atmel/studio/7.0/toolchain/avr8/avr8-gnu-toolchain/bin/../lib/gcc/avr/5.4.0/avr5\libgcc.a(_copy_data.o)
 .text.libgcc   0x00000000        0x0 c:/program files (x86)/atmel/studio/7.0/toolchain/avr8/avr8-gnu-toolchain/bin/../lib/gcc/avr/5.4.0/avr5\libgcc.a(_copy_data.o)
 .text.libgcc.prologue
                0x00000000        0x0 c:/program files (x86)/atmel/studio/7.0/toolchain/avr8/avr8-gnu-toolchain/bin/../lib/gcc/avr/5.4.0/avr5\libgcc.a(_copy_data.o)
 .text.libgcc.builtins
                0x00000000        0x0 c:/program files (x86)/atmel/studio/7.0/toolchain/avr8/avr8-gnu-toolchain/bin/../lib/gcc/avr/5.4.0/avr5\libgcc.a(_copy_data.o)
 .text.libgcc.fmul
                0x00000000        0x0 c:/program files (x86)/atmel/studio/7.0/toolchain/avr8/avr8-gnu-toolchain/bin/../lib/gcc/avr/5.4.0/avr5\libgcc.a(_copy_data.o)
 .text.libgcc.fixed
                0x00000000        0x0 c:/program files (x86)/atmel/studio/7.0/toolchain/avr8/avr8-gnu-toolchain/bin/../lib/gcc/avr/5.4.0/avr5\libgcc.a(_copy_data.o)
 .text          0x00000000        0x0 c:/program files (x86)/atmel/studio/7.0/toolchain/avr8/avr8-gnu-toolchain/bin/../lib/gcc/avr/5.4.0/avr5\libgcc.a(_clear_bss.o)
 .data          0x00000000        0x0 c:/program files (x86)/atmel/studio/7.0/toolchain/avr8/avr8-gnu-toolchain/bin/../lib/gcc/avr/5.4.0/avr5\libgcc.a(_clear_bss.o)
 .bss           0x00000000        0x0 c:/program files (x86)/atmel/studio/7.0/toolchain/avr8/avr8-gnu-toolchain/bin/../lib/gcc/avr/5.4.0/avr5\libgcc.a(_clear_bss.o)
 .text.libgcc.mul
                0x00000000        0x0 c:/program files (x86)/atmel/studio/7.0/toolchain/avr8/avr8-gnu-toolchain/bin/../lib/gcc/avr/5.4.0/avr5\libgcc.a(_clear_bss.o)
 .text.libgcc.div
                0x00000000        0x0 c:/program files (x86)/atmel/studio/7.0/toolchain/avr8/avr8-gnu-toolchain/bin/../lib/gcc/avr/5.4.0/avr5\libgcc.a(_clear_bss.o)
 .text.libgcc   0x00000000        0x0 c:/program files (x86)/atmel/studio/7.0/toolchain/avr8/avr8-gnu-toolchain/bin/../lib/gcc/avr/5.4.0/avr5\libgcc.a(_clear_bss.o)
 .text.libgcc.prologue
                0x00000000        0x0 c:/program files (x86)/atmel/studio/7.0/toolchain/avr8/avr8-gnu-toolchain/bin/../lib/gcc/avr/5.4.0/avr5\libgcc.a(_clear_bss.o)
 .text.libgcc.builtins
                0x00000000        0x0 c:/program files (x86)/atmel/studio/7.0/toolchain/avr8/avr8-gnu-toolchain/bin/../lib/gcc/avr/5.4.0/avr5\libgcc.a(_clear_bss.o)
 .text.libgcc.fmul
                0x00000000        0x0 c:/program files (x86)/atmel/studio/7.0/toolchain/avr8/avr8-gnu-toolchain/bin/../lib/gcc/avr/5.4.0/avr5\libgcc.a(_clear_bss.o)
 .text.libgcc.fixed
                0x00000000        0x0 c:/program files (x86)/atmel/studio/7.0/toolchain/avr8/avr8-gnu-toolchain/bin/../lib/gcc/avr/5.4.0/avr5\libgcc.a(_clear_bss.o)

Memory Configuration

Name             Origin             Length             Attributes
text             0x00000000         0x00020000         xr
data             0x00800060         0x0000ffa0         rw !x
eeprom           0x00810000         0x00010000         rw !x
fuse             0x00820000         0x00000002         rw !x
lock             0x00830000         0x00000400         rw !x
signature        0x00840000         0x00000400         rw !x
user_signatures  0x00850000         0x00000400         rw !x
*default*        0x00000000         0xffffffff

Linker script and memory map

LOAD C:/Program Files (x86)/Atmel/Studio/7.0/Packs/atmel/ATmega_DFP/1.2.150/gcc/dev/atmega32/avr5/crtatmega32.o
LOAD I2C.o
LOAD SPI.o
LOAD USART.o
LOAD commRX.o
LOAD commTx.o
LOAD GPIO.o
LOAD Node2.o
START GROUP
LOAD c:/program files (x86)/atmel/studio/7.0/toolchain/avr8/avr8-gnu-toolchain/bin/../lib/gcc/avr/5.4.0/../../../../avr/lib/avr5\libm.a
END GROUP
START GROUP
LOAD c:/program files (x86)/atmel/studio/7.0/toolchain/avr8/avr8-gnu-toolchain/bin/../lib/gcc/avr/5.4.0/avr5\libgcc.a
LOAD c:/program files (x86)/atmel/studio/7.0/toolchain/avr8/avr8-gnu-toolchain/bin/../lib/gcc/avr/5.4.0/../../../../avr/lib/avr5\libm.a
LOAD c:/program files (x86)/atmel/studio/7.0/toolchain/avr8/avr8-gnu-toolchain/bin/../lib/gcc/avr/5.4.0/../../../../avr/lib/avr5\libc.a
LOAD C:/Program Files (x86)/Atmel/Studio/7.0/Packs/atmel/ATmega_DFP/1.2.150/gcc/dev/atmega32/avr5\libatmega32.a
END GROUP
                0x00020000                __TEXT_REGION_LENGTH__ = DEFINED (__TEXT_REGION_LENGTH__)?__TEXT_REGION_LENGTH__:0x20000
                0x0000ffa0                __DATA_REGION_LENGTH__ = DEFINED (__DATA_REGION_LENGTH__)?__DATA_REGION_LENGTH__:0xffa0
                0x00010000                __EEPROM_REGION_LENGTH__ = DEFINED (__EEPROM_REGION_LENGTH__)?__EEPROM_REGION_LENGTH__:0x10000
                [0x00000002]                __FUSE_REGION_LENGTH__ = DEFINED (__FUSE_REGION_LENGTH__)?__FUSE_REGION_LENGTH__:0x400
                0x00000400                __LOCK_REGION_LENGTH__ = DEFINED (__LOCK_REGION_LENGTH__)?__LOCK_REGION_LENGTH__:0x400
                0x00000400                __SIGNATURE_REGION_LENGTH__ = DEFINED (__SIGNATURE_REGION_LENGTH__)?__SIGNATURE_REGION_LENGTH__:0x400
                0x00000400                __USER_SIGNATURE_REGION_LENGTH__ = DEFINED (__USER_SIGNATURE_REGION_LENGTH__)?__USER_SIGNATURE_REGION_LENGTH__:0x400

.hash
 *(.hash)

.dynsym
 *(.dynsym)

.dynstr
 *(.dynstr)

.gnu.version
 *(.gnu.version)

.gnu.version_d
 *(.gnu.version_d)

.gnu.version_r
 *(.gnu.version_r)

.rel.init
 *(.rel.init)

.rela.init
 *(.rela.init)

.rel.text
 *(.rel.text)
 *(.rel.text.*)
 *(.rel.gnu.linkonce.t*)

.rela.text
 *(.rela.text)
 *(.rela.text.*)
 *(.rela.gnu.linkonce.t*)

.rel.fini
 *(.rel.fini)

.rela.fini
 *(.rela.fini)

.rel.rodata
 *(.rel.rodata)
 *(.rel.rodata.*)
 *(.rel.gnu.linkonce.r*)

.rela.rodata
 *(.rela.rodata)
 *(.rela.rodata.*)
 *(.rela.gnu.linkonce.r*)

.rel.data
 *(.rel.data)
 *(.rel.data.*)
 *(.rel.gnu.linkonce.d*)

.rela.data
 *(.rela.data)
 *(.rela.data.*)
 *(.rela.gnu.linkonce.d*)

.rel.ctors
 *(.rel.ctors)

.rela.ctors
 *(.rela.ctors)

.rel.dtors
 *(.rel.dtors)

.rela.dtors
 *(.rela.dtors)

.rel.got
 *(.rel.got)

.rela.got
 *(.rela.got)

.rel.bss
 *(.rel.bss)

.rela.bss
 *(.rela.bss)

.rel.plt
 *(.rel.plt)

.rela.plt
 *(.rela.plt)

.text           0x00000000      0x86e
 *(.vectors)
 .vectors       0x00000000       0x54 C:/Program Files (x86)/Atmel/Studio/7.0/Packs/atmel/ATmega_DFP/1.2.150/gcc/dev/atmega32/avr5/crtatmega32.o
                0x00000000                __vector_default
                0x00000000                __vectors
 *(.vectors)
 *(.progmem.gcc*)
                0x00000054                . = ALIGN (0x2)
                0x00000054                __trampolines_start = .
 *(.trampolines)
 .trampolines   0x00000054        0x0 linker stubs
 *(.trampolines*)
                0x00000054                __trampolines_end = .
 *libprintf_flt.a:*(.progmem.data)
 *libc.a:*(.progmem.data)
 *(.progmem*)
                0x00000054                . = ALIGN (0x2)
 *(.jumptables)
 *(.jumptables*)
 *(.lowtext)
 *(.lowtext*)
                0x00000054                __ctors_start = .
 *(.ctors)
                0x00000054                __ctors_end = .
                0x00000054                __dtors_start = .
 *(.dtors)
                0x00000054                __dtors_end = .
 SORT(*)(.ctors)
 SORT(*)(.dtors)
 *(.init0)
 .init0         0x00000054        0x0 C:/Program Files (x86)/Atmel/Studio/7.0/Packs/atmel/ATmega_DFP/1.2.150/gcc/dev/atmega32/avr5/crtatmega32.o
                0x00000054                __init
 *(.init0)
 *(.init1)
 *(.init1)
 *(.init2)
 .init2         0x00000054        0xc C:/Program Files (x86)/Atmel/Studio/7.0/Packs/atmel/ATmega_DFP/1.2.150/gcc/dev/atmega32/avr5/crtatmega32.o
 *(.init2)
 *(.init3)
 *(.init3)
 *(.init4)
 .init4         0x00000060       0x16 c:/program files (x86)/atmel/studio/7.0/toolchain/avr8/avr8-gnu-toolchain/bin/../lib/gcc/avr/5.4.0/avr5\libgcc.a(_copy_data.o)
                0x00000060                __do_copy_data
 .init4         0x00000076       0x10 c:/program files (x86)/atmel/studio/7.0/toolchain/avr8/avr8-gnu-toolchain/bin/../lib/gcc/avr/5.4.0/avr5\libgcc.a(_clear_bss.o)
                0x00000076                __do_clear_bss
 *(.init4)
 *(.init5)
 *(.init5)
 *(.init6)
 *(.init6)
 *(.init7)
 *(.init7)
 *(.init8)
 *(.init8)
 *(.init9)
 .init9         0x00000086        0x8 C:/Program Files (x86)/Atmel/Studio/7.0/Packs/atmel/ATmega_DFP/1.2.150/gcc/dev/atmega32/avr5/crtatmega32.o
 *(.init9)
 *(.text)
 .text          0x0000008e        0x4 C:/Program Files (x86)/Atmel/Studio/7.0/Packs/atmel/ATmega_DFP/1.2.150/gcc/dev/atmega32/avr5/crtatmega32.o
                0x0000008e                __vector_1
                0x0000008e                __bad_interrupt
                0x0000008e                __vector_6
                0x0000008e                __vector_3
                0x0000008e                __vector_11
                0x0000008e                __vector_17
                0x0000008e                __vector_7
                0x0000008e                __vector_5
                0x0000008e                __vector_4
                0x0000008e                __vector_9
                0x0000008e                __vector_2
                0x0000008e                __vector_15
                0x0000008e                __vector_8
                0x0000008e                __vector_10
                0x0000008e                __vector_16
                0x0000008e                __vector_18
                0x0000008e                __vector_20
                0x00000092                . = ALIGN (0x2)
 *(.text.*)
 .text.__vector_19
                0x00000092       0x68 I2C.o
                0x00000092                __vector_19
 .text.I2C_Init
                0x000000fa       0x14 I2C.o
                0x000000fa                I2C_Init
 .text.I2C_Start
                0x0000010e        0xc I2C.o
                0x0000010e                I2C_Start
 .text.I2C_TxWithInterrupt
                0x0000011a        0x8 I2C.o
                0x0000011a                I2C_TxWithInterrupt
 .text.I2C_AssignCallBackRX
                0x00000122       0x10 I2C.o
                0x00000122                I2C_AssignCallBackRX
 .text.I2C_AssignCallBackTx
                0x00000132        0xa I2C.o
                0x00000132                I2C_AssignCallBackTx
 .text.i2c_disable_interrupt
                0x0000013c        0x8 I2C.o
                0x0000013c                i2c_disable_interrupt
 .text.__vector_12
                0x00000144       0x50 SPI.o
                0x00000144                __vector_12
 .text.spi_init
                0x00000194       0x48 SPI.o
                0x00000194                spi_init
 .text.spi_InterruptDisable
                0x000001dc        0x4 SPI.o
                0x000001dc                spi_InterruptDisable
 .text.spi_Tx   0x000001e0        0x4 SPI.o
                0x000001e0                spi_Tx
 .text.Spi_AssignCallBack
                0x000001e4        0xa SPI.o
                0x000001e4                Spi_AssignCallBack
 .text.__vector_14
                0x000001ee       0x4e USART.o
                0x000001ee                __vector_14
 .text.__vector_13
                0x0000023c       0x50 USART.o
                0x0000023c                __vector_13
 .text.Uart_init
                0x0000028c       0x12 USART.o
                0x0000028c                Uart_init
 .text.Uart_SendByte
                0x0000029e        0x8 USART.o
                0x0000029e                Uart_SendByte
 .text.Uart_TxInterruptEnable
                0x000002a6        0xc USART.o
                0x000002a6                Uart_TxInterruptEnable
 .text.Uart_RxInterruptEnable
                0x000002b2        0xc USART.o
                0x000002b2                Uart_RxInterruptEnable
 .text.HardWare_CallBack
                0x000002be       0x26 commRX.o
 .text.RX_CommFree
                0x000002e4        0xe commRX.o
                0x000002e4                RX_CommFree
 .text.Comm_RxInit
                0x000002f2       0x98 commRX.o
                0x000002f2                Comm_RxInit
 .text.RX_com_dispatch
                0x0000038a       0x34 commRX.o
                0x0000038a                RX_com_dispatch
 .text.HardWare_CallBack
                0x000003be       0x98 commTx.o
 .text.comm_TxRest
                0x00000456        0xe commTx.o
                0x00000456                comm_TxRest
 .text.comm_TxInit
                0x00000464       0xd4 commTx.o
                0x00000464                comm_TxInit
 .text.comm_TxDisspatcher
                0x00000538       0x5e commTx.o
                0x00000538                comm_TxDisspatcher
 .text.SetPinDirection
                0x00000596      0x102 GPIO.o
                0x00000596                SetPinDirection
 .text.digitalWrite
                0x00000698      0x102 GPIO.o
                0x00000698                digitalWrite
 .text.gpio_spi_cng_slave
                0x0000079a       0x22 GPIO.o
                0x0000079a                gpio_spi_cng_slave
 .text.gpio_uart_cng
                0x000007bc       0x12 GPIO.o
                0x000007bc                gpio_uart_cng
 .text.transmission_complete
                0x000007ce        0x2 Node2.o
                0x000007ce                transmission_complete
 .text.Receive_Complete
                0x000007d0       0x62 Node2.o
                0x000007d0                Receive_Complete
 .text.main     0x00000832       0x38 Node2.o
                0x00000832                main
                0x0000086a                . = ALIGN (0x2)
 *(.fini9)
 .fini9         0x0000086a        0x0 c:/program files (x86)/atmel/studio/7.0/toolchain/avr8/avr8-gnu-toolchain/bin/../lib/gcc/avr/5.4.0/avr5\libgcc.a(_exit.o)
                0x0000086a                _exit
                0x0000086a                exit
 *(.fini9)
 *(.fini8)
 *(.fini8)
 *(.fini7)
 *(.fini7)
 *(.fini6)
 *(.fini6)
 *(.fini5)
 *(.fini5)
 *(.fini4)
 *(.fini4)
 *(.fini3)
 *(.fini3)
 *(.fini2)
 *(.fini2)
 *(.fini1)
 *(.fini1)
 *(.fini0)
 .fini0         0x0000086a        0x4 c:/program files (x86)/atmel/studio/7.0/toolchain/avr8/avr8-gnu-toolchain/bin/../lib/gcc/avr/5.4.0/avr5\libgcc.a(_exit.o)
 *(.fini0)
                0x0000086e                _etext = .

.data           0x00800060        0xc load address 0x0000086e
                0x00800060                PROVIDE (__data_start, .)
 *(.data)
 *(.data*)
 *(.gnu.linkonce.d*)
 *(.rodata)
 .rodata        0x00800060        0x6 commRX.o
 .rodata        0x00800066        0x6 commTx.o
 *(.rodata*)
 *(.gnu.linkonce.r*)
                0x0080006c                . = ALIGN (0x2)
                0x0080006c                _edata = .
                0x0080006c                PROVIDE (__data_end, .)

.bss            0x0080006c      0x404
                0x0080006c                PROVIDE (__bss_start, .)
 *(.bss)
 *(.bss*)
 .bss.static_PtrCallBackFun
                0x0080006c        0x2 SPI.o
 .bss.ptr_CallBackfnUartRx
                0x0080006e        0x2 USART.o
 .bss.ptr_CallBackfnUartTx
                0x00800070        0x2 USART.o
 .bss.static_RX_cnfg
                0x00800072        0x4 commRX.o
 .bss.RX_FlageDataReciving
                0x00800076        0x1 commRX.o
 .bss.RX_Buffer_Index
                0x00800077        0x2 commRX.o
 .bss.Rx_Buffer
                0x00800079      0x3e8 commRX.o
 .bss.flage_Tx_Sending
                0x00800461        0x1 commTx.o
 .bss.Scounter  0x00800462        0x2 commTx.o
 .bss.Staticptr_cngCommTx
                0x00800464        0x7 commTx.o
 *(COMMON)
 COMMON         0x0080046b        0x5 I2C.o
                0x0080046b                Static_CallBackRX
                0x0080046d                i2c_status
                0x0080046e                Static_callBackTx
                0x00800470                PROVIDE (__bss_end, .)
                0x0000086e                __data_load_start = LOADADDR (.data)
                0x0000087a                __data_load_end = (__data_load_start + SIZEOF (.data))

.noinit         0x00800470        0x0
                [!provide]                PROVIDE (__noinit_start, .)
 *(.noinit*)
                [!provide]                PROVIDE (__noinit_end, .)
                0x00800470                _end = .
                [!provide]                PROVIDE (__heap_start, .)

.eeprom         0x00810000        0x0
 *(.eeprom*)
                0x00810000                __eeprom_end = .

.fuse
 *(.fuse)
 *(.lfuse)
 *(.hfuse)
 *(.efuse)

.lock
 *(.lock*)

.signature
 *(.signature*)

.user_signatures
 *(.user_signatures*)

.stab
 *(.stab)

.stabstr
 *(.stabstr)

.stab.excl
 *(.stab.excl)

.stab.exclstr
 *(.stab.exclstr)

.stab.index
 *(.stab.index)

.stab.indexstr
 *(.stab.indexstr)

.comment        0x00000000       0x30
 *(.comment)
 .comment       0x00000000       0x30 I2C.o
                                 0x31 (size before relaxing)
 .comment       0x00000030       0x31 SPI.o
 .comment       0x00000030       0x31 USART.o
 .comment       0x00000030       0x31 commRX.o
 .comment       0x00000030       0x31 commTx.o
 .comment       0x00000030       0x31 GPIO.o
 .comment       0x00000030       0x31 Node2.o

.note.gnu.avr.deviceinfo
                0x00000000       0x3c
 .note.gnu.avr.deviceinfo
                0x00000000       0x3c C:/Program Files (x86)/Atmel/Studio/7.0/Packs/atmel/ATmega_DFP/1.2.150/gcc/dev/atmega32/avr5/crtatmega32.o

.note.gnu.build-id
 *(.note.gnu.build-id)

.debug
 *(.debug)

.line
 *(.line)

.debug_srcinfo
 *(.debug_srcinfo)

.debug_sfnames
 *(.debug_sfnames)

.debug_aranges  0x00000000      0x220
 *(.debug_aranges)
 .debug_aranges
                0x00000000       0x80 I2C.o
 .debug_aranges
                0x00000080       0x50 SPI.o
 .debug_aranges
                0x000000d0       0x50 USART.o
 .debug_aranges
                0x00000120       0x38 commRX.o
 .debug_aranges
                0x00000158       0x38 commTx.o
 .debug_aranges
                0x00000190       0x60 GPIO.o
 .debug_aranges
                0x000001f0       0x30 Node2.o

.debug_pubnames
 *(.debug_pubnames)

.debug_info     0x00000000     0x1bcb
 *(.debug_info .gnu.linkonce.wi.*)
 .debug_info    0x00000000      0x4e6 C:/Program Files (x86)/Atmel/Studio/7.0/Packs/atmel/ATmega_DFP/1.2.150/gcc/dev/atmega32/avr5/crtatmega32.o
 .debug_info    0x000004e6      0x2c0 I2C.o
 .debug_info    0x000007a6      0x2e5 SPI.o
 .debug_info    0x00000a8b      0x19c USART.o
 .debug_info    0x00000c27      0x475 commRX.o
 .debug_info    0x0000109c      0x4e8 commTx.o
 .debug_info    0x00001584      0x328 GPIO.o
 .debug_info    0x000018ac      0x31f Node2.o

.debug_abbrev   0x00000000      0xd8f
 *(.debug_abbrev)
 .debug_abbrev  0x00000000      0x4a3 C:/Program Files (x86)/Atmel/Studio/7.0/Packs/atmel/ATmega_DFP/1.2.150/gcc/dev/atmega32/avr5/crtatmega32.o
 .debug_abbrev  0x000004a3      0x179 I2C.o
 .debug_abbrev  0x0000061c      0x14b SPI.o
 .debug_abbrev  0x00000767       0xdc USART.o
 .debug_abbrev  0x00000843      0x189 commRX.o
 .debug_abbrev  0x000009cc      0x166 commTx.o
 .debug_abbrev  0x00000b32      0x119 GPIO.o
 .debug_abbrev  0x00000c4b      0x144 Node2.o

.debug_line     0x00000000     0x1153
 *(.debug_line .debug_line.* .debug_line_end)
 .debug_line    0x00000000      0x115 C:/Program Files (x86)/Atmel/Studio/7.0/Packs/atmel/ATmega_DFP/1.2.150/gcc/dev/atmega32/avr5/crtatmega32.o
 .debug_line    0x00000115      0x287 I2C.o
 .debug_line    0x0000039c      0x1c0 SPI.o
 .debug_line    0x0000055c      0x1f2 USART.o
 .debug_line    0x0000074e      0x273 commRX.o
 .debug_line    0x000009c1      0x2e0 commTx.o
 .debug_line    0x00000ca1      0x2ad GPIO.o
 .debug_line    0x00000f4e      0x205 Node2.o

.debug_frame    0x00000000      0x508
 *(.debug_frame)
 .debug_frame   0x00000000      0x12c I2C.o
 .debug_frame   0x0000012c       0xcc SPI.o
 .debug_frame   0x000001f8      0x114 USART.o
 .debug_frame   0x0000030c       0x70 commRX.o
 .debug_frame   0x0000037c       0x70 commTx.o
 .debug_frame   0x000003ec       0xa4 GPIO.o
 .debug_frame   0x00000490       0x78 Node2.o

.debug_str      0x00000000      0xb6b
 *(.debug_str)
 .debug_str     0x00000000      0x196 C:/Program Files (x86)/Atmel/Studio/7.0/Packs/atmel/ATmega_DFP/1.2.150/gcc/dev/atmega32/avr5/crtatmega32.o
 .debug_str     0x00000196      0x2cb I2C.o
                                0x310 (size before relaxing)
 .debug_str     0x00000461      0x24f SPI.o
                                0x3c1 (size before relaxing)
 .debug_str     0x000006b0       0xc3 USART.o
                                0x234 (size before relaxing)
 .debug_str     0x00000773      0x131 commRX.o
                                0x4a4 (size before relaxing)
 .debug_str     0x000008a4      0x139 commTx.o
                                0x52c (size before relaxing)
 .debug_str     0x000009dd      0x134 GPIO.o
                                0x25b (size before relaxing)
 .debug_str     0x00000b11       0x5a Node2.o
                                0x352 (size before relaxing)

.debug_loc      0x00000000      0xa77
 *(.debug_loc)
 .debug_loc     0x00000000      0x1ad I2C.o
 .debug_loc     0x000001ad      0x114 SPI.o
 .debug_loc     0x000002c1      0x196 USART.o
 .debug_loc     0x00000457       0x98 commRX.o
 .debug_loc     0x000004ef       0x98 commTx.o
 .debug_loc     0x00000587      0x3c1 GPIO.o
 .debug_loc     0x00000948      0x12f Node2.o

.debug_macinfo
 *(.debug_macinfo)

.debug_weaknames
 *(.debug_weaknames)

.debug_funcnames
 *(.debug_funcnames)

.debug_typenames
 *(.debug_typenames)

.debug_varnames
 *(.debug_varnames)

.debug_pubtypes
 *(.debug_pubtypes)

.debug_ranges   0x00000000      0x1b0
 *(.debug_ranges)
 .debug_ranges  0x00000000       0x70 I2C.o
 .debug_ranges  0x00000070       0x40 SPI.o
 .debug_ranges  0x000000b0       0x40 USART.o
 .debug_ranges  0x000000f0       0x28 commRX.o
 .debug_ranges  0x00000118       0x28 commTx.o
 .debug_ranges  0x00000140       0x50 GPIO.o
 .debug_ranges  0x00000190       0x20 Node2.o

.debug_macro
 *(.debug_macro)
OUTPUT(Node2_slave.elf elf32-avr)
LOAD linker stubs
